<html>
<body>
<pre>
<h1>µVision Build Log</h1>
<h2>Project:</h2>
D:\programming\project\32 Hal\GY521\MDK-ARM\GY521.uvprojx
Project File Date:  07/07/2022

<h2>Output:</h2>
Build target 'GY521'
linking...
Program Size: Code=31522 RO-data=3926 RW-data=92 ZI-data=1876  
FromELF: creating hex file...
"GY521\GY521.axf" - 0 Error(s), 0 Warning(s).

<h2>Software Packages used:</h2>

Package Vendor: ARM
                http://www.keil.com/pack/ARM.CMSIS.4.1.0.pack
                ARM::CMSIS:CORE:3.30.0
                CMSIS (Cortex Microcontroller Software Interface Standard)
   * Component: CORE Version: 3.30.0

<h2>Collection of Component include folders:</h2>
  D:\programming\project\32 Hal\GY521\MDK-ARM\RTE
  D:\programming\primer\MDK5\ARM\PACK\ARM\CMSIS\4.1.0\CMSIS\Include
  D:\programming\primer\MDK5\ARM\PACK\Keil\STM32F1xx_DFP\1.0.5\Device\Include

<h2>Collection of Component Files used:</h2>

   * Component: ARM::CMSIS:CORE:3.30.0
      Source file:   CMSIS\UserCodeTemplates\ARM\ITM_Retarget.c
</pre>
</body>
</html>
